---
source: src/gitui/tests/quit.rs
expression: ctx.redact_buffer()
---
â–ŒNo branch                                                                      |
                                                                                |
 Recent commits                                                                 |
                                                                                |
                                                                                |
                                                                                |
                                                                                |
                                                                                |
                                                                                |
                                                                                |
                                                                                |
                                                                                |
                                                                                |
                                                                                |
                                                                                |
                                                                                |
                                                                                |
                                                                                |
                                                                                |
                                                                                |
styles_hash: bc670d3bb6a7cf9a
